// Jest Snapshot v1, https://goo.gl/fbAQLP

exports[`渲染正常 1`] = `
<div
  className="starWrapper"
  style={
    Object {
      "bcakgroundSize": "16px",
      "height": "16px",
      "width": "80px",
    }
  }
>
  <div
    className="starContent"
    style={
      Object {
        "bcakgroundSize": "16px",
        "width": "NaNpx",
      }
    }
  />
</div>
`;
